// Jest Snapshot v1, https://goo.gl/fbAQLP

exports[`GuessLetter component Should render correctly 1`] = `
<div>
  <div
    class="guess"
    role="guess"
  />
</div>
`;
