// Jest Snapshot v1, https://goo.gl/fbAQLP

exports[`GuessArea component Should render correctly 1`] = `"<div class="guessRow active" role="guess-row"><div><div role="guess" class="guess active"></div></div><div><div role="guess" class="guess "></div></div><div><div role="guess" class="guess "></div></div><div><div role="guess" class="guess "></div></div><div><div role="guess" class="guess "></div></div></div><div class="guessRow " role="guess-row"><div><div role="guess" class="guess "></div></div><div><div role="guess" class="guess "></div></div><div><div role="guess" class="guess "></div></div><div><div role="guess" class="guess "></div></div><div><div role="guess" class="guess "></div></div></div><div class="guessRow " role="guess-row"><div><div role="guess" class="guess "></div></div><div><div role="guess" class="guess "></div></div><div><div role="guess" class="guess "></div></div><div><div role="guess" class="guess "></div></div><div><div role="guess" class="guess "></div></div></div><div class="guessRow " role="guess-row"><div><div role="guess" class="guess "></div></div><div><div role="guess" class="guess "></div></div><div><div role="guess" class="guess "></div></div><div><div role="guess" class="guess "></div></div><div><div role="guess" class="guess "></div></div></div><div class="guessRow " role="guess-row"><div><div role="guess" class="guess "></div></div><div><div role="guess" class="guess "></div></div><div><div role="guess" class="guess "></div></div><div><div role="guess" class="guess "></div></div><div><div role="guess" class="guess "></div></div></div><div class="guessRow " role="guess-row"><div><div role="guess" class="guess "></div></div><div><div role="guess" class="guess "></div></div><div><div role="guess" class="guess "></div></div><div><div role="guess" class="guess "></div></div><div><div role="guess" class="guess "></div></div></div>"`;
